[azgames.io/game/crossy-road/index.html]
[backblue.gif]
[fade.gif]
[index.html]
[azgames.io/game/crossy-road/favicon.png]
[azgames.io/game/crossy-road/TemplateData/style.css]
[azgames.io/game/crossy-road/BRLNSDB.TTF]
[azgames.io/game/crossy-road/loading3860.png]
[azgames.io/game/crossy-road/loading_fill.png]
[azgames.io/game/crossy-road/loading_bar.png]
[azgames.io/game/crossy-road/logo.png]
[www.gstatic.com/firebasejs/10.9.0/firebase-app-compat.js]
[www.gstatic.com/firebasejs/10.9.0/firebase-firestore-compat.js]
[www.gstatic.com/firebasejs/10.9.0/firebase-auth-compat.js]
[www.gstatic.com/firebasejs/10.9.0/firebase-analytics-compat.js]
[azgames.io/game/crossy-road/index.html]
[azgames.io/game/crossy-road/TemplateData/fullscreen-button.png]
[azgames.io/game/crossy-road/TemplateData/style.css]
[azgames.io/game/crossy-road/Build/index.html]
[azgames.io/game/crossy-road/TemplateData/fullscreen-button.html]
